// Jest Snapshot v1, https://goo.gl/fbAQLP

exports[`<AppButton /> AppButton render correctly 1`] = `ShallowWrapper {}`;
