// Jest Snapshot v1, https://goo.gl/fbAQLP

exports[`<AppLoader /> AppLoader render correctly 1`] = `ShallowWrapper {}`;
