// Jest Snapshot v1, https://goo.gl/fbAQLP

exports[`<MainScreen /> MainScreen render correctly 1`] = `ShallowWrapper {}`;
