// Jest Snapshot v1, https://goo.gl/fbAQLP

exports[`<SignUpScreen /> SignUpScreen render correctly 1`] = `ShallowWrapper {}`;
